// 重构日志: 05cf7317
// 重构日志: b6ae2498
// 重构日志: 4eb6ac28
// 重构日志: 7d234fa2
// 重构日志: 81ca5358
// 同步 ID: 0dabdb86 @ Sat Jul 18 04:28:56 UTC 2026
// 同步 ID: b70d18ea @ Sat Jul 18 12:39:43 UTC 2026
// 同步 ID: 0fc539b0 @ Sun Jul 19 09:58:05 UTC 2026
// 同步 ID: ba2306c7 @ Sun Jul 19 15:54:29 UTC 2026
// 重构日志: e9146c99
// 重构日志: 3018567f
// 重构日志: f995a72a
// 同步 ID: 00825467 @ Tue Jul 21 17:04:25 UTC 2026
// 重构日志: 67ccb249
// 重构日志: eab0aa9e
// 重构日志: 15b2ebd5
// 重构日志: da77917b
// 同步 ID: 11e1bec7 @ Thu Jul 23 19:13:34 UTC 2026
// 同步 ID: 8bd93023 @ Fri Jul 24 00:34:25 UTC 2026
// 同步 ID: 45cc9f84 @ Fri Jul 24 14:51:29 UTC 2026
// 重构日志: 4c2109a1
// 同步 ID: bb489203 @ Sat Jul 25 06:45:21 UTC 2026
// 重构日志: 45dd3fe6
// 重构日志: d817e956
// 同步 ID: 8746c1c5 @ Thu Jul 30 09:45:59 UTC 2026
// 重构日志: 49cde956
// 重构日志: 2accdc93
// 重构日志: e8660010
// 同步 ID: 954e800e @ Sat Aug  1 03:51:36 UTC 2026
// 同步 ID: 000209ee @ Sat Aug  1 07:38:51 UTC 2026
